[backblue.gif]
[fade.gif]
[index.html]
[malikhassan.com/html/evernest/images/logo.png]
[malikhassan.com/html/evernest/images/propertyImg01.jpg]
[malikhassan.com/html/evernest/images/bedroom_icon.png]
[malikhassan.com/html/evernest/images/bathroom_icon.png]
[malikhassan.com/html/evernest/images/garage_icon.png]
[malikhassan.com/html/evernest/images/propertyImg02.jpg]
[malikhassan.com/html/evernest/images/propertyImg03.jpg]
[malikhassan.com/html/evernest/images/california.jpg]
[malikhassan.com/html/evernest/images/new_york.jpg]
[malikhassan.com/html/evernest/images/miami.jpg]
[malikhassan.com/html/evernest/images/san_francisco.jpg]
[malikhassan.com/html/evernest/images/dubai.jpg]
[malikhassan.com/html/evernest/images/australia.jpg]
[malikhassan.com/html/evernest/images/team_1.png]
[malikhassan.com/html/evernest/images/team_2.png]
[malikhassan.com/html/evernest/images/team_3.png]
[malikhassan.com/html/evernest/images/logo2.png]
[malikhassan.com/html/evernest/images/property_small01.jpg]
[malikhassan.com/html/evernest/images/property_small02.jpg]
[malikhassan.com/html/evernest/js/jquery.min.js]
[malikhassan.com/html/evernest/js/popper.min.js]
[malikhassan.com/html/evernest/js/bootstrap.min.js]
[malikhassan.com/html/evernest/js/owl.carousel.js]
[malikhassan.com/html/evernest/js/animate.js]
[malikhassan.com/html/evernest/js/jquery.nice-select.js]
[malikhassan.com/html/evernest/js/wow.js]
[malikhassan.com/html/evernest/js/script.js]
[malikhassan.com/html/evernest/index.html]
[malikhassan.com/html/evernest/css/bootstrap.min.css]
[malikhassan.com/html/evernest/webfonts/fa-brands-400.eot]
[malikhassan.com/html/evernest/webfonts/fa-brands-400.woff2]
[malikhassan.com/html/evernest/webfonts/fa-brands-400.woff]
[malikhassan.com/html/evernest/webfonts/fa-brands-400d41d.eot]
[malikhassan.com/html/evernest/webfonts/fa-brands-400.ttf]
[malikhassan.com/html/evernest/webfonts/fa-regular-400.eot]
[malikhassan.com/html/evernest/webfonts/fa-regular-400.woff2]
[malikhassan.com/html/evernest/webfonts/fa-regular-400d41d.eot]
[malikhassan.com/html/evernest/webfonts/fa-regular-400.woff]
[malikhassan.com/html/evernest/webfonts/fa-regular-400.ttf]
[malikhassan.com/html/evernest/webfonts/fa-solid-900.eot]
[malikhassan.com/html/evernest/webfonts/fa-solid-900.woff2]
[malikhassan.com/html/evernest/webfonts/fa-solid-900.woff]
[malikhassan.com/html/evernest/webfonts/fa-solid-900d41d.eot]
[malikhassan.com/html/evernest/webfonts/fa-solid-900.ttf]
[malikhassan.com/html/evernest/css/all.css]
[malikhassan.com/html/evernest/css/owl.carousel.css]
[malikhassan.com/html/evernest/css/animate.css]
[malikhassan.com/html/evernest/css/nice-select.css]
[malikhassan.com/html/evernest/images/banner-bg.jpg]
[malikhassan.com/html/evernest/images/house-bg.jpg]
[malikhassan.com/html/evernest/images/property_rent_bg.png]
[malikhassan.com/html/evernest/images/perfect_bg.jpg]
[malikhassan.com/html/evernest/images/innerHeading.jpg]
[malikhassan.com/html/evernest/css/style.css]
[malikhassan.com/html/evernest/submit_property.html]
[malikhassan.com/html/evernest/index-2.html]
[malikhassan.com/html/evernest/images/dummy.png]
[malikhassan.com/html/evernest/images/banner.jpg]
[malikhassan.com/html/evernest/images/banner2.jpg]
[malikhassan.com/html/evernest/rs-plugin/js/jquery.themepunch.tools.min.js]
[malikhassan.com/html/evernest/rs-plugin/js/jquery.themepunch.revolution.min.js]
[malikhassan.com/html/evernest/index_slider.html]
[malikhassan.com/html/evernest/videos/construction-background.mp4]
[malikhassan.com/html/evernest/index_video.html]
[malikhassan.com/html/evernest/index_map.html]
[malikhassan.com/html/evernest/property_grid.html]
[malikhassan.com/html/evernest/images/list_img01.jpg]
[malikhassan.com/html/evernest/images/list_img02.jpg]
[malikhassan.com/html/evernest/images/list_img03.jpg]
[malikhassan.com/html/evernest/images/list_img04.jpg]
[malikhassan.com/html/evernest/images/list_img05.jpg]
[malikhassan.com/html/evernest/images/list_img06.jpg]
[malikhassan.com/html/evernest/property_list.html]
[malikhassan.com/html/evernest/property_map.html]
[malikhassan.com/html/evernest/images/slide1.jpg]
[malikhassan.com/html/evernest/images/slide2.jpg]
[malikhassan.com/html/evernest/images/slide3.jpg]
[malikhassan.com/html/evernest/images/slide4.jpg]
[malikhassan.com/html/evernest/images/slide5.jpg]
[malikhassan.com/html/evernest/images/slide6.jpg]
[malikhassan.com/html/evernest/images/slide7.jpg]
[malikhassan.com/html/evernest/images/ground_floor.jpg]
[malikhassan.com/html/evernest/images/first_floor.jpg]
[malikhassan.com/html/evernest/images/garage_plan.jpg]
[malikhassan.com/html/evernest/js/jquery.flexslider.js]
[malikhassan.com/html/evernest/property_single.html]
[malikhassan.com/html/evernest/images/agent01.jpg]
[malikhassan.com/html/evernest/images/agent02.jpg]
[malikhassan.com/html/evernest/images/agent03.jpg]
[malikhassan.com/html/evernest/images/agent04.jpg]
[malikhassan.com/html/evernest/images/agent05.jpg]
[malikhassan.com/html/evernest/images/agent06.jpg]
[malikhassan.com/html/evernest/images/agent07.jpg]
[malikhassan.com/html/evernest/images/agent08.jpg]
[malikhassan.com/html/evernest/images/agent09.jpg]
[malikhassan.com/html/evernest/agents.html]
[malikhassan.com/html/evernest/agents_single.html]
[malikhassan.com/html/evernest/images/company01.jpg]
[malikhassan.com/html/evernest/images/company02.jpg]
[malikhassan.com/html/evernest/images/company03.jpg]
[malikhassan.com/html/evernest/images/company04.jpg]
[malikhassan.com/html/evernest/images/company05.jpg]
[malikhassan.com/html/evernest/images/company06.jpg]
[malikhassan.com/html/evernest/agencies.html]
[malikhassan.com/html/evernest/agencies_single.html]
[malikhassan.com/html/evernest/images/aboutImg.jpg]
[malikhassan.com/html/evernest/about.html]
[malikhassan.com/html/evernest/images/team_4.png]
[malikhassan.com/html/evernest/images/team_5.png]
[malikhassan.com/html/evernest/team.html]
[malikhassan.com/html/evernest/login.html]
[malikhassan.com/html/evernest/register.html]
[malikhassan.com/html/evernest/faqs.html]
[malikhassan.com/html/evernest/images/client.jpg]
[malikhassan.com/html/evernest/testimonials.html]
[malikhassan.com/html/evernest/pricing.html]
[malikhassan.com/html/evernest/404.html]
[malikhassan.com/html/evernest/typography.html]
[malikhassan.com/html/evernest/images/blog01.jpg]
[malikhassan.com/html/evernest/images/blog02.jpg]
[malikhassan.com/html/evernest/images/blog03.jpg]
[malikhassan.com/html/evernest/images/blog04.jpg]
[malikhassan.com/html/evernest/images/blog05.jpg]
[malikhassan.com/html/evernest/images/blog06.jpg]
[malikhassan.com/html/evernest/images/blog07.jpg]
[malikhassan.com/html/evernest/blog.html]
[malikhassan.com/html/evernest/blog_grid.html]
[malikhassan.com/html/evernest/blog_list.html]
[malikhassan.com/html/evernest/images/large_img.jpg]
[malikhassan.com/html/evernest/blog_single.html]
[malikhassan.com/html/evernest/contact.html]
[malikhassan.com/html/evernest/webfonts/fa-brands-400.svg]
[malikhassan.com/html/evernest/webfonts/fa-regular-400.svg]
[malikhassan.com/html/evernest/webfonts/fa-solid-900.svg]
[malikhassan.com/html/evernest/css/owl.video.play.html]
[malikhassan.com/html/evernest/images/new pattern.html]
[malikhassan.com/html/evernest/rs-plugin/assets/timer.png]
[malikhassan.com/html/evernest/rs-plugin/assets/loader.gif]
[malikhassan.com/html/evernest/rs-plugin/css/settings.css]
[malikhassan.com/html/evernest/css/fonts/flexslider-icon.eot]
[malikhassan.com/html/evernest/css/fonts/flexslider-icond41d.eot]
[malikhassan.com/html/evernest/css/fonts/flexslider-icon.woff]
[malikhassan.com/html/evernest/css/fonts/flexslider-icon.ttf]
[malikhassan.com/html/evernest/css/flexslider.css]
[malikhassan.com/html/evernest/rs-plugin/images/gradient/g30.html]
[malikhassan.com/html/evernest/rs-plugin/images/gradient/g40.html]
[malikhassan.com/html/evernest/rs-plugin/assets/shadow1.html]
[malikhassan.com/html/evernest/rs-plugin/assets/shadow2.html]
[malikhassan.com/html/evernest/rs-plugin/assets/shadow3.html]
[malikhassan.com/html/evernest/rs-plugin/assets/gridtile.html]
[malikhassan.com/html/evernest/rs-plugin/assets/gridtile_white.html]
[malikhassan.com/html/evernest/rs-plugin/assets/gridtile_3x3.html]
[malikhassan.com/html/evernest/rs-plugin/assets/gridtile_3x3_white.html]
[malikhassan.com/html/evernest/rs-plugin/assets/boxed_bgtile.html]
[malikhassan.com/html/evernest/rs-plugin/assets/navigdots_bgtile.html]
[malikhassan.com/html/evernest/rs-plugin/assets/bullet.html]
[malikhassan.com/html/evernest/rs-plugin/assets/bullets.html]
[malikhassan.com/html/evernest/rs-plugin/assets/bullets2.html]
[malikhassan.com/html/evernest/rs-plugin/assets/bullet_boxed.html]
[malikhassan.com/html/evernest/rs-plugin/assets/navigdots.html]
[malikhassan.com/html/evernest/rs-plugin/assets/large_left.html]
[malikhassan.com/html/evernest/rs-plugin/assets/large_right.html]
[malikhassan.com/html/evernest/rs-plugin/assets/small_left.html]
[malikhassan.com/html/evernest/rs-plugin/assets/small_right.html]
[malikhassan.com/html/evernest/rs-plugin/assets/arrow_left.html]
[malikhassan.com/html/evernest/rs-plugin/assets/arrow_right.html]
[malikhassan.com/html/evernest/rs-plugin/assets/small_left_boxed.html]
[malikhassan.com/html/evernest/rs-plugin/assets/small_right_boxed.html]
[malikhassan.com/html/evernest/rs-plugin/assets/arrowleft.html]
[malikhassan.com/html/evernest/rs-plugin/assets/arrowright.html]
[malikhassan.com/html/evernest/rs-plugin/assets/arrow_left2.html]
[malikhassan.com/html/evernest/rs-plugin/assets/arrow_right2.html]
[malikhassan.com/html/evernest/rs-plugin/assets/coloredbg.html]
[malikhassan.com/html/evernest/rs-plugin/font/revicons90c6.html]
[malikhassan.com/html/evernest/rs-plugin/font/revicons90c6-2.html]
[malikhassan.com/html/evernest/rs-plugin/font/revicons90c6-3.html]
[malikhassan.com/html/evernest/rs-plugin/font/revicons90c690c6.svg]
[malikhassan.com/html/evernest/css/fonts/flexslider-icon.svg]
